destination:
  service: "172.217.0.0/16"
ports:
- number: 443
  protocol: tcp

