ISTIO_SVC_IP='10.10.10.10'
PILOT_ADDRESS='istiod-rev-1.istio-system.svc.cluster.local'
