{
  "istio/networking/v1alpha3/destinationrules": [
    {
      "TypeURL": "type.googleapis.com/istio.networking.v1alpha3.DestinationRule",
      "Metadata": {
        "name": "tcp-echo-destination"
      },
      "Body": {
        "host": "tcp-echo",
        "subsets": [
          {
            "labels": {
              "app.kubernetes.io/version": "v1"
            },
            "name": "v1"
          },
          {
            "labels": {
              "app.kubernetes.io/version": "v2"
            },
            "name": "v2"
          }
        ]
      }
    }
  ]
}
