apiVersion: security.istio.io/v1beta1
kind: AuthorizationPolicy
metadata:
  name: deny-all
  namespace: my-root-namespace
spec:
---
apiVersion: security.istio.io/v1beta1
kind: AuthorizationPolicy
metadata:
  name: default-productpage
  namespace: default
spec:
  rules:
  - from:
    - source:
        namespaces:
        - istio-system
    to:
    - operation:
        methods:
        - GET
  selector:
    matchLabels:
      app: productpage
---
