apiVersion: networking.istio.io/v1alpha3
kind: virtual-service
metadata:
  creationTimestamp: null
  name: c
  namespace: default
spec:
  hosts:
  - c
  http:
  - match:
    - headers:
        testredirect:
          exact: enabled
    redirect:
      authority: b
      uri: /new/path
    route: []
  - route:
    - destination:
        name: c
        subset: version-v1
      weight: 100
