apiVersion: networking.istio.io/v1alpha3
kind: VirtualService
metadata:
  creationTimestamp: null
  name: c
  namespace: default
spec:
  hosts:
  - c
  http:
  - route:
    - destination:
        host: c
        subset: version-v1
      weight: 100
