apiVersion: networking.istio.io/v1alpha3
kind: virtual-service
metadata:
  creationTimestamp: null
  name: c
  namespace: default
spec:
  hosts:
  - c
  http:
  - appendHeaders:
      istio-custom-header: user-defined-value
    route:
    - destination:
        name: c
        subset: version-v1
      weight: 100
