apiVersion: networking.istio.io/v1alpha3
kind: Gateway
metadata:
  annotations:
    internal.istio.io/gateway-semantics: gateway
    internal.istio.io/gateway-service: istio-ingressgateway.istio-system.svc.domain.suffix
    internal.istio.io/parents: Gateway/gateway/default.istio-system
  creationTimestamp: null
  name: gateway-istio-autogenerated-k8s-gateway-default
  namespace: istio-system
spec:
  servers:
  - hosts:
    - '*/*.domain.example'
    port:
      name: default
      number: 80
      protocol: HTTP
---
apiVersion: networking.istio.io/v1alpha3
kind: VirtualService
metadata:
  annotations:
    internal.istio.io/parents: HTTPRoute/match-order.default
    internal.istio.io/route-semantics: gateway
  creationTimestamp: null
  name: match-order-0-istio-autogenerated-k8s-gateway
  namespace: default
spec:
  gateways:
  - istio-system/gateway-istio-autogenerated-k8s-gateway-default
  hosts:
  - '*'
  http:
  - match:
    - uri:
        prefix: /api/store
    name: default.match-order.0
    route:
    - destination:
        host: httpbin.default.svc.domain.suffix
        port:
          number: 80
  - match:
    - uri:
        regex: ^/api/[1-9][0-9]*/.*$
    name: default.match-order.0
    route:
    - destination:
        host: httpbin.default.svc.domain.suffix
        port:
          number: 80
  - match:
    - uri:
        prefix: /
    name: default.match-order.1
    route:
    - destination:
        host: httpbin.default.svc.domain.suffix
        port:
          number: 80
---
