apiVersion: networking.istio.io/v1alpha3
kind: Gateway
metadata:
  annotations:
    internal.istio.io/gateway-service: istio-ingressgateway.default.svc.domain.suffix
  creationTimestamp: null
  name: gateway-istio-autogenerated-k8s-gateway
  namespace: default
spec:
  servers:
  - hosts:
    - '*.domain.example'
    port:
      name: http-80-gateway-gateway-default
      number: 80
      protocol: HTTP
---
apiVersion: networking.istio.io/v1alpha3
kind: Gateway
metadata:
  annotations:
    internal.istio.io/gateway-service: ""
  creationTimestamp: null
  name: invalid-gateway-address-istio-autogenerated-k8s-gateway
  namespace: invalid-gateway-address
spec:
  servers:
  - hosts:
    - '*.domain.example'
    port:
      name: http-80-gateway-invalid-gateway-address-invalid-gateway-address
      number: 80
      protocol: HTTP
---
