apiVersion: networking.istio.io/v1alpha3
kind: Gateway
metadata:
  creationTimestamp: null
  name: ingress-gateway-istio-autogenerated-k8s-gateway
  namespace: istio-system
spec:
  selector:
    istio: ingressgateway
  servers:
  - hosts:
    - '*'
    port:
      name: tcp-34000-gateway-ingress-gateway-istio-system
      number: 34000
      protocol: TCP
---
apiVersion: networking.istio.io/v1alpha3
kind: Gateway
metadata:
  creationTimestamp: null
  name: cluster-local-gateway-istio-autogenerated-k8s-gateway
  namespace: istio-system
spec:
  selector:
    istio: cluster-local
  servers:
  - hosts:
    - '*'
    port:
      name: tcp-34000-gateway-cluster-local-gateway-istio-system
      number: 34000
      protocol: TCP
---
apiVersion: networking.istio.io/v1alpha3
kind: VirtualService
metadata:
  creationTimestamp: null
  name: tcp-tcp-istio-autogenerated-k8s-gateway
  namespace: default
spec:
  gateways:
  - istio-system/ingress-gateway-istio-autogenerated-k8s-gateway
  - istio-system/cluster-local-gateway-istio-autogenerated-k8s-gateway
  hosts:
  - '*'
  tcp:
  - route:
    - destination:
        host: httpbin.default.svc.cluster.local
        port:
          number: 9090
---
