name: hello
subsets:
  - name: v0
    labels:
      version: v0
trafficPolicy:
  loadBalancer:
    consistentHash:
      minimumRingSize: 10
