destination:
  service: "172.217.0.0/16"
ports:
- number: 444
  protocol: tcp

