destination:
  service: "*.google.com"
ports:
- number: 80
  protocol: http
- number: 443
  protocol: https
- number: 8080
  protocol: http2
