hosts:
  - hello
http:
  - route:
    - destination:
        name: hello
    hashPolicy:
      headerName: h1
