{
  "hosts": [
   {
    "ip_address": "10.1.1.0",
    "port": 16080
   },
   {
    "ip_address": "10.1.1.1",
    "port": 16080
   }
  ]
 }