apiVersion: apps/v1
kind: Deployment
metadata:
  name: grafana
  namespace: istio-system
  labels:
    app: grafana
    release: istio
spec:
  replicas: 1
  selector:
    matchLabels:
      app: grafana
  template:
    metadata:
      labels:
        app: grafana
        chart: grafana
        heritage: Tiller
        release: istio-system
      annotations:
        sidecar.istio.io/inject: "false"
    spec:
      securityContext:
        runAsUser: 472
        fsGroup: 472
      containers:
        - name: grafana
          image: "grafana/grafana:6.5.2"
          ports:
          - containerPort: 3000
          readinessProbe:
            httpGet:
              path: /api/health
              port: 3000
          env:
          - name: GRAFANA_PORT
            value: "3000"
          - name: GF_AUTH_BASIC_ENABLED
            value: "false"
          - name: GF_AUTH_ANONYMOUS_ENABLED
            value: "true"
          - name: GF_AUTH_ANONYMOUS_ORG_ROLE
            value: Admin
          - name: GF_PATHS_DATA
            value: /data/grafana
          resources:
            requests:
              cpu: 10m
            
          volumeMounts:
          - name: data
            mountPath: /data/grafana
          - name: dashboards-istio-citadel-dashboard
            mountPath: "/var/lib/grafana/dashboards/istio/citadel-dashboard.json"
            subPath: citadel-dashboard.json
            readOnly: true
          - name: dashboards-istio-galley-dashboard
            mountPath: "/var/lib/grafana/dashboards/istio/galley-dashboard.json"
            subPath: galley-dashboard.json
            readOnly: true
          - name: dashboards-istio-istio-mesh-dashboard
            mountPath: "/var/lib/grafana/dashboards/istio/istio-mesh-dashboard.json"
            subPath: istio-mesh-dashboard.json
            readOnly: true
          - name: dashboards-istio-istio-performance-dashboard
            mountPath: "/var/lib/grafana/dashboards/istio/istio-performance-dashboard.json"
            subPath: istio-performance-dashboard.json
            readOnly: true
          - name: dashboards-istio-istio-service-dashboard
            mountPath: "/var/lib/grafana/dashboards/istio/istio-service-dashboard.json"
            subPath: istio-service-dashboard.json
            readOnly: true
          - name: dashboards-istio-istio-workload-dashboard
            mountPath: "/var/lib/grafana/dashboards/istio/istio-workload-dashboard.json"
            subPath: istio-workload-dashboard.json
            readOnly: true
          - name: dashboards-istio-mixer-dashboard
            mountPath: "/var/lib/grafana/dashboards/istio/mixer-dashboard.json"
            subPath: mixer-dashboard.json
            readOnly: true
          - name: dashboards-istio-pilot-dashboard
            mountPath: "/var/lib/grafana/dashboards/istio/pilot-dashboard.json"
            subPath: pilot-dashboard.json
            readOnly: true
          - name: config
            mountPath: "/etc/grafana/provisioning/datasources/datasources.yaml"
            subPath: datasources.yaml
          - name: config
            mountPath: "/etc/grafana/provisioning/dashboards/dashboardproviders.yaml"
            subPath: dashboardproviders.yaml
      affinity:      
        nodeAffinity:
          requiredDuringSchedulingIgnoredDuringExecution:
            nodeSelectorTerms:
            - matchExpressions:
              - key: beta.kubernetes.io/arch
                operator: In
                values:
                - "amd64"
                - "ppc64le"
                - "s390x"
          preferredDuringSchedulingIgnoredDuringExecution:
          - weight: 2
            preference:
              matchExpressions:
              - key: beta.kubernetes.io/arch
                operator: In
                values:
                - "amd64"
          - weight: 2
            preference:
              matchExpressions:
              - key: beta.kubernetes.io/arch
                operator: In
                values:
                - "ppc64le"
          - weight: 2
            preference:
              matchExpressions:
              - key: beta.kubernetes.io/arch
                operator: In
                values:
                - "s390x"      
      volumes:
      - name: config
        configMap:
          name: istio-grafana
      - name: data
        emptyDir: {}
      - name: dashboards-istio-citadel-dashboard
        configMap:
          name:  istio-grafana-configuration-dashboards-citadel-dashboard
      - name: dashboards-istio-galley-dashboard
        configMap:
          name:  istio-grafana-configuration-dashboards-galley-dashboard
      - name: dashboards-istio-istio-mesh-dashboard
        configMap:
          name:  istio-grafana-configuration-dashboards-istio-mesh-dashboard
      - name: dashboards-istio-istio-performance-dashboard
        configMap:
          name:  istio-grafana-configuration-dashboards-istio-performance-dashboard
      - name: dashboards-istio-istio-service-dashboard
        configMap:
          name:  istio-grafana-configuration-dashboards-istio-service-dashboard
      - name: dashboards-istio-istio-workload-dashboard
        configMap:
          name:  istio-grafana-configuration-dashboards-istio-workload-dashboard
      - name: dashboards-istio-mixer-dashboard
        configMap:
          name:  istio-grafana-configuration-dashboards-mixer-dashboard
      - name: dashboards-istio-pilot-dashboard
        configMap:
          name:  istio-grafana-configuration-dashboards-pilot-dashboard
---


apiVersion: apps/v1
kind: Deployment
metadata:
  labels:
    app: istio-ingressgateway
    istio: ingressgateway
    release: istio
  name: istio-ingressgateway
  namespace: istio-system
spec:
  selector:
    matchLabels:
      app: istio-ingressgateway
      istio: ingressgateway
  strategy:
    rollingUpdate:
      maxSurge: 100%
      maxUnavailable: 25%
  template:
    metadata:
      annotations:
        sidecar.istio.io/inject: "false"
      labels:
        app: istio-ingressgateway
        chart: gateways
        heritage: Tiller
        istio: ingressgateway
        release: istio
        service.istio.io/canonical-name: istio-ingressgateway
        service.istio.io/canonical-revision: latest
    spec:
      affinity:
        nodeAffinity:
          preferredDuringSchedulingIgnoredDuringExecution:
          - preference:
              matchExpressions:
              - key: beta.kubernetes.io/arch
                operator: In
                values:
                - amd64
            weight: 2
          - preference:
              matchExpressions:
              - key: beta.kubernetes.io/arch
                operator: In
                values:
                - ppc64le
            weight: 2
          - preference:
              matchExpressions:
              - key: beta.kubernetes.io/arch
                operator: In
                values:
                - s390x
            weight: 2
          requiredDuringSchedulingIgnoredDuringExecution:
            nodeSelectorTerms:
            - matchExpressions:
              - key: beta.kubernetes.io/arch
                operator: In
                values:
                - amd64
                - ppc64le
                - s390x
      containers:
      - args:
        - proxy
        - router
        - --domain
        - $(POD_NAMESPACE).svc.cluster.local
        - --proxyLogLevel=warning
        - --proxyComponentLogLevel=misc:error
        - --log_output_level=default:info
        - --serviceCluster
        - istio-ingressgateway
        - --proxyAdminPort
        - "15000"
        - --controlPlaneAuthPolicy
        - NONE
        - --discoveryAddress
        - istio-pilot.istio-system.svc:15012
        - --trust-domain=cluster.local
        env:
        - name: JWT_POLICY
          value: third-party-jwt
        - name: PILOT_CERT_PROVIDER
          value: istiod
        - name: ISTIO_META_USER_SDS
          value: "true"
        - name: CA_ADDR
          value: istiod.istio-system.svc:15012
        - name: NODE_NAME
          valueFrom:
            fieldRef:
              apiVersion: v1
              fieldPath: spec.nodeName
        - name: POD_NAME
          valueFrom:
            fieldRef:
              apiVersion: v1
              fieldPath: metadata.name
        - name: POD_NAMESPACE
          valueFrom:
            fieldRef:
              apiVersion: v1
              fieldPath: metadata.namespace
        - name: INSTANCE_IP
          valueFrom:
            fieldRef:
              apiVersion: v1
              fieldPath: status.podIP
        - name: HOST_IP
          valueFrom:
            fieldRef:
              apiVersion: v1
              fieldPath: status.hostIP
        - name: SERVICE_ACCOUNT
          valueFrom:
            fieldRef:
              fieldPath: spec.serviceAccountName
        - name: ISTIO_META_WORKLOAD_NAME
          value: istio-ingressgateway
        - name: ISTIO_META_OWNER
          value: kubernetes://apis/apps/v1/namespaces/istio-system/deployments/istio-ingressgateway
        - name: ISTIO_META_MESH_ID
          value: cluster.local
        - name: ISTIO_AUTO_MTLS_ENABLED
          value: "true"
        - name: ISTIO_META_POD_NAME
          valueFrom:
            fieldRef:
              apiVersion: v1
              fieldPath: metadata.name
        - name: ISTIO_META_CONFIG_NAMESPACE
          valueFrom:
            fieldRef:
              fieldPath: metadata.namespace
        - name: ISTIO_META_ROUTER_MODE
          value: sni-dnat
        - name: ISTIO_META_CLUSTER_ID
          value: Kubernetes
        image: istio-spec.hub/proxyv2:istio-spec.tag
        name: istio-proxy
        ports:
        - containerPort: 15020
        - containerPort: 8080
        - containerPort: 8443
        - containerPort: 15029
        - containerPort: 15030
        - containerPort: 15031
        - containerPort: 15032
        - containerPort: 15443
        - containerPort: 15011
        - containerPort: 15012
        - containerPort: 8060
        - containerPort: 853
        - containerPort: 15090
          name: http-envoy-prom
          protocol: TCP
        readinessProbe:
          failureThreshold: 30
          httpGet:
            path: /healthz/ready
            port: 15020
            scheme: HTTP
          initialDelaySeconds: 1
          periodSeconds: 2
          successThreshold: 1
          timeoutSeconds: 1
        resources:
          limits:
            cpu: 2000m
            memory: 1024Mi
          requests:
            cpu: 100m
            memory: 128Mi
        volumeMounts:
        - mountPath: /etc/istio/config
          name: config-volume
        - mountPath: /var/run/secrets/istio
          name: istiod-ca-cert
        - mountPath: /var/run/secrets/tokens
          name: istio-token
          readOnly: true
        - mountPath: /var/run/ingress_gateway
          name: ingressgatewaysdsudspath
        - mountPath: /etc/istio/pod
          name: podinfo
        - mountPath: /etc/istio/ingressgateway-certs
          name: ingressgateway-certs
          readOnly: true
        - mountPath: /etc/istio/ingressgateway-ca-certs
          name: ingressgateway-ca-certs
          readOnly: true
      serviceAccountName: istio-ingressgateway-service-account
      volumes:
      - configMap:
          name: istio-ca-root-cert
        name: istiod-ca-cert
      - downwardAPI:
          items:
          - fieldRef:
              fieldPath: metadata.labels
            path: labels
          - fieldRef:
              fieldPath: metadata.annotations
            path: annotations
        name: podinfo
      - emptyDir: {}
        name: ingressgatewaysdsudspath
      - name: istio-token
        projected:
          sources:
          - serviceAccountToken:
              audience: istio-ca
              expirationSeconds: 43200
              path: istio-token
      - configMap:
          name: istio
          optional: true
        name: config-volume
      - name: ingressgateway-certs
        secret:
          optional: true
          secretName: istio-ingressgateway-certs
      - name: ingressgateway-ca-certs
        secret:
          optional: true
          secretName: istio-ingressgateway-ca-certs
---


apiVersion: apps/v1
kind: Deployment
metadata:
  labels:
    app: istiod
    istio: pilot
    release: istio
  name: istiod
  namespace: istio-system
spec:
  selector:
    matchLabels:
      istio: pilot
  strategy:
    rollingUpdate:
      maxSurge: 100%
      maxUnavailable: 25%
  template:
    metadata:
      annotations:
        sidecar.istio.io/inject: "false"
      labels:
        app: istiod
        istio: pilot
    spec:
      affinity:
        nodeAffinity:
          preferredDuringSchedulingIgnoredDuringExecution:
          - preference:
              matchExpressions:
              - key: beta.kubernetes.io/arch
                operator: In
                values:
                - amd64
            weight: 2
          - preference:
              matchExpressions:
              - key: beta.kubernetes.io/arch
                operator: In
                values:
                - ppc64le
            weight: 2
          - preference:
              matchExpressions:
              - key: beta.kubernetes.io/arch
                operator: In
                values:
                - s390x
            weight: 2
          requiredDuringSchedulingIgnoredDuringExecution:
            nodeSelectorTerms:
            - matchExpressions:
              - key: beta.kubernetes.io/arch
                operator: In
                values:
                - amd64
                - ppc64le
                - s390x
      containers:
      - args:
        - discovery
        - --monitoringAddr=:15014
        - --log_output_level=default:info
        - --domain
        - cluster.local
        - --secureGrpcAddr=:15011
        - --trust-domain=cluster.local
        - --keepaliveMaxServerConnectionAge
        - 30m
        - --disable-install-crds=true
        env:
        - name: JWT_POLICY
          value: third-party-jwt
        - name: PILOT_CERT_PROVIDER
          value: istiod
        - name: POD_NAME
          valueFrom:
            fieldRef:
              apiVersion: v1
              fieldPath: metadata.name
        - name: POD_NAMESPACE
          valueFrom:
            fieldRef:
              apiVersion: v1
              fieldPath: metadata.namespace
        - name: SERVICE_ACCOUNT
          valueFrom:
            fieldRef:
              apiVersion: v1
              fieldPath: spec.serviceAccountName
        - name: PILOT_TRACE_SAMPLING
          value: "1"
        - name: CONFIG_NAMESPACE
          value: istio-config
        - name: PILOT_ENABLE_PROTOCOL_SNIFFING_FOR_OUTBOUND
          value: "true"
        - name: PILOT_ENABLE_PROTOCOL_SNIFFING_FOR_INBOUND
          value: "false"
        - name: INJECTION_WEBHOOK_CONFIG_NAME
          value: istio-sidecar-injector
        - name: ISTIOD_ADDR
          value: istiod.istio-system.svc:15012
        - name: PILOT_EXTERNAL_GALLEY
          value: "false"
        - name: CLUSTER_ID
          value: Kubernetes
        envFrom:
        - configMapRef:
            name: istiod
            optional: true
        image: component.pilot.hub/pilot:2
        name: discovery
        ports:
        - containerPort: 8080
        - containerPort: 15010
        - containerPort: 15017
        readinessProbe:
          httpGet:
            path: /ready
            port: 8080
          initialDelaySeconds: 5
          periodSeconds: 5
          timeoutSeconds: 5
        resources:
          requests:
            cpu: 500m
            memory: 2048Mi
        securityContext:
          capabilities:
            drop:
            - ALL
          runAsGroup: 1337
          runAsNonRoot: true
          runAsUser: 1337
        volumeMounts:
        - mountPath: /etc/istio/config
          name: config-volume
        - mountPath: /var/run/secrets/tokens
          name: istio-token
          readOnly: true
        - mountPath: /var/run/secrets/istio-dns
          name: local-certs
        - mountPath: /etc/cacerts
          name: cacerts
          readOnly: true
        - mountPath: /var/lib/istio/inject
          name: inject
          readOnly: true
        - mountPath: /var/lib/istio/local
          name: istiod
          readOnly: true
      securityContext:
        fsGroup: 1337
      serviceAccountName: istio-pilot-service-account
      volumes:
      - emptyDir:
          medium: Memory
        name: local-certs
      - name: istio-token
        projected:
          sources:
          - serviceAccountToken:
              audience: istio-ca
              expirationSeconds: 43200
              path: istio-token
      - configMap:
          name: istiod
          optional: true
        name: istiod
      - name: cacerts
        secret:
          optional: true
          secretName: cacerts
      - configMap:
          name: istio-sidecar-injector
          optional: true
        name: inject
      - configMap:
          name: istio
        name: config-volume
---


apiVersion: apps/v1
kind: Deployment
metadata:
  name: kiali
  namespace: istio-system
  labels:
    app: kiali
    release: istio
spec:
  replicas: 1
  selector:
    matchLabels:
      app: kiali
  template:
    metadata:
      name: kiali
      labels:
        app: kiali
        release: istio
      annotations:
        sidecar.istio.io/inject: "false"
        scheduler.alpha.kubernetes.io/critical-pod: ""
        prometheus.io/scrape: "true"
        prometheus.io/port: "9090"
        kiali.io/runtimes: go,kiali
    spec:
      serviceAccountName: kiali-service-account
      containers:
      - image: "docker.io/testing/kiali:v1.14"
        name: kiali
        command:
        - "/opt/kiali/kiali"
        - "-config"
        - "/kiali-configuration/config.yaml"
        - "-v"
        - "3"
        readinessProbe:
          httpGet:
            path: /kiali/healthz
            port: 20001
            scheme: 'HTTP'
          initialDelaySeconds: 5
          periodSeconds: 30
        livenessProbe:
          httpGet:
            path: /kiali/healthz
            port: 20001
            scheme: 'HTTP'
          initialDelaySeconds: 5
          periodSeconds: 30
        env:
        - name: ACTIVE_NAMESPACE
          valueFrom:
            fieldRef:
              fieldPath: metadata.namespace
        volumeMounts:
        - name: kiali-configuration
          mountPath: "/kiali-configuration"
        - name: kiali-cert
          mountPath: "/kiali-cert"
        - name: kiali-secret
          mountPath: "/kiali-secret"
        resources:
          requests:
            cpu: 10m
          
      volumes:
      - name: kiali-configuration
        configMap:
          name: kiali
      - name: kiali-cert
        secret:
          secretName: istio.kiali-service-account
          optional: true      
      - name: kiali-secret
        secret:
          secretName: kiali
          optional: true
      affinity:      
        nodeAffinity:
          requiredDuringSchedulingIgnoredDuringExecution:
            nodeSelectorTerms:
            - matchExpressions:
              - key: beta.kubernetes.io/arch
                operator: In
                values:
                - "amd64"
                - "ppc64le"
                - "s390x"
          preferredDuringSchedulingIgnoredDuringExecution:
          - weight: 2
            preference:
              matchExpressions:
              - key: beta.kubernetes.io/arch
                operator: In
                values:
                - "amd64"
          - weight: 2
            preference:
              matchExpressions:
              - key: beta.kubernetes.io/arch
                operator: In
                values:
                - "ppc64le"
          - weight: 2
            preference:
              matchExpressions:
              - key: beta.kubernetes.io/arch
                operator: In
                values:
                - "s390x"
---


apiVersion: apps/v1
kind: Deployment
metadata:
  name: prometheus
  namespace: istio-system
  labels:
    app: prometheus
    release: istio
spec:
  replicas: 1
  selector:
    matchLabels:
      app: prometheus
  template:
    metadata:
      labels:
        app: prometheus
        release: istio
      annotations:
        sidecar.istio.io/inject: "false"
    spec:
      serviceAccountName: prometheus
      containers:
        - name: prometheus
          image: "docker.io/prometheus:1.1.1"
          args:
            - '--storage.tsdb.retention=6h'
            - '--config.file=/etc/prometheus/prometheus.yml'
          ports:
            - containerPort: 9090
              name: http
          livenessProbe:
            httpGet:
              path: /-/healthy
              port: 9090
          readinessProbe:
            httpGet:
              path: /-/ready
              port: 9090
          resources:
            requests:
              cpu: 10m
            
          volumeMounts:
          - name: config-volume
            mountPath: /etc/prometheus
          - mountPath: /etc/istio-certs
            name: istio-certs
        - name: istio-proxy
          image: "istio-spec.hub/proxyv2:istio-spec.tag"
          ports:
            - containerPort: 15090
              protocol: TCP
              name: http-envoy-prom
          args:
            - proxy
            - sidecar
            - --domain
            - $(POD_NAMESPACE).svc.cluster.local
            - --configPath
            - "/etc/istio/proxy"
            - --binaryPath
            - "/usr/local/bin/envoy"
            - --serviceCluster
            - "istio-proxy-prometheus"
            - --proxyLogLevel=warning
            - --proxyComponentLogLevel=misc:error
            - --proxyAdminPort
            - "15000"
            - --controlPlaneAuthPolicy
            - NONE
            - --trust-domain=cluster.local
            - --controlPlaneBootstrap=false
          env:
            - name: OUTPUT_CERTS
              value: "/etc/istio-certs"
            - name: JWT_POLICY
              value: third-party-jwt
            - name: PILOT_CERT_PROVIDER
              value: istiod
            # Temp, pending PR to make it default or based on the istiodAddr env
            - name: CA_ADDR
              value: istiod.istio-system.svc:15012
            - name: POD_NAME
              valueFrom:
                fieldRef:
                  fieldPath: metadata.name
            - name: POD_NAMESPACE
              valueFrom:
                fieldRef:
                  fieldPath: metadata.namespace
            - name: INSTANCE_IP
              valueFrom:
                fieldRef:
                  fieldPath: status.podIP
            - name: SERVICE_ACCOUNT
              valueFrom:
                fieldRef:
                  fieldPath: spec.serviceAccountName
            - name: HOST_IP
              valueFrom:
                fieldRef:
                  fieldPath: status.hostIP
            - name: ISTIO_META_POD_NAME
              valueFrom:
                fieldRef:
                  fieldPath: metadata.name
            - name: ISTIO_META_CONFIG_NAMESPACE
              valueFrom:
                fieldRef:
                  fieldPath: metadata.namespace
            - name: ISTIO_META_MESH_ID
              value: "cluster.local"
            - name: ISTIO_META_CLUSTER_ID
              value: "Kubernetes"
          imagePullPolicy: Always
          readinessProbe:
            failureThreshold: 30
            httpGet:
              path: /healthz/ready
              port: 15020
              scheme: HTTP
            initialDelaySeconds: 1
            periodSeconds: 2
            successThreshold: 1
            timeoutSeconds: 1
          volumeMounts:
            - mountPath: /var/run/secrets/istio
              name: istiod-ca-cert
            - mountPath: /etc/istio/proxy
              name: istio-envoy
            - mountPath: /var/run/secrets/tokens
              name: istio-token
            - mountPath: /etc/istio-certs/
              name: istio-certs
            - name: istio-config-volume
              mountPath: /etc/istio/config

      volumes:
      - name: istio-config-volume
        configMap:
          name: istio
          optional: true
      - name: config-volume
        configMap:
          name: prometheus
      - name: istio-certs
        emptyDir:
          medium: Memory
      - emptyDir:
          medium: Memory
        name: istio-envoy
      - name: istio-token
        projected:
          defaultMode: 420
          sources:
            - serviceAccountToken:
                path: istio-token
                expirationSeconds: 43200
                audience: istio-ca
      - name: istiod-ca-cert
        configMap:
          defaultMode: 420
          name: istio-ca-root-cert

      affinity:      
        nodeAffinity:
          requiredDuringSchedulingIgnoredDuringExecution:
            nodeSelectorTerms:
            - matchExpressions:
              - key: beta.kubernetes.io/arch
                operator: In
                values:
                - "amd64"
                - "ppc64le"
                - "s390x"
          preferredDuringSchedulingIgnoredDuringExecution:
          - weight: 2
            preference:
              matchExpressions:
              - key: beta.kubernetes.io/arch
                operator: In
                values:
                - "amd64"
          - weight: 2
            preference:
              matchExpressions:
              - key: beta.kubernetes.io/arch
                operator: In
                values:
                - "ppc64le"
          - weight: 2
            preference:
              matchExpressions:
              - key: beta.kubernetes.io/arch
                operator: In
                values:
                - "s390x"
---
