<<<<<<< HEAD
# AddonComponents grafana component is disabled.

---
# AddonComponents istiocoredns component is disabled.

---
# AddonComponents kiali component is disabled.

---
# AddonComponents prometheus component is disabled.

---
# AddonComponents istio-tracing component is disabled.

# Base component is disabled.

# Cni component is disabled.

# EgressGateways istio-egressgateway component is disabled.

# Galley component is disabled.

apiVersion: autoscaling/v2beta1
kind: HorizontalPodAutoscaler
metadata:
  labels:
    app: istiod
    release: istio
  name: istiod
  namespace: istio-control
spec:
  maxReplicas: 333
  metrics:
  - resource:
      name: cpu
      targetAverageUtilization: 444
    type: Resource
  minReplicas: 222
  scaleTargetRef:
    apiVersion: apps/v1
    kind: Deployment
    name: istio-pilot
---


apiVersion: rbac.authorization.k8s.io/v1
kind: ClusterRole
metadata:
  name: istio-galley-istio-control
  labels:
    release: istio
rules:
  # For reading Istio resources
  - apiGroups: [
    "authentication.istio.io",
    "config.istio.io",
    "networking.istio.io",
    "rbac.istio.io",
    "security.istio.io"]
    resources: ["*"]
    verbs: ["get", "list", "watch"]
    # For updating Istio resource statuses
  - apiGroups: [
    "authentication.istio.io",
    "config.istio.io",
    "networking.istio.io",
    "rbac.istio.io",
    "security.istio.io"]
    resources: ["*/status"]
    verbs: ["update"]

    # Remove galley's permissions to reconcile the validation config when istiod is present.
    # Notably missing here is the permission to modify webhooks.

  - apiGroups: ["extensions","apps"]
    resources: ["deployments"]
    resourceNames: ["istio-galley"]
    verbs: ["get"]
  - apiGroups: [""]
    resources: ["pods", "nodes", "services", "endpoints", "namespaces"]
    verbs: ["get", "list", "watch"]
  - apiGroups: ["extensions"]
    resources: ["ingresses"]
    verbs: ["get", "list", "watch"]
  - apiGroups: ["extensions"]
    resources: ["deployments/finalizers"]
    resourceNames: ["istio-galley"]
    verbs: ["update"]
  - apiGroups: ["apiextensions.k8s.io"]
    resources: ["customresourcedefinitions"]
    verbs: ["get", "list", "watch"]
  - apiGroups: ["rbac.authorization.k8s.io"]
    resources: ["clusterroles"]
    verbs: ["get", "list", "watch"]
---


apiVersion: v1
data:
  mesh: |-
    accessLogEncoding: TEXT
    accessLogFile: ""
    accessLogFormat: ""
    certificates: []
    defaultConfig:
      concurrency: 2
      configPath: /etc/istio/proxy
      connectTimeout: 10s
      controlPlaneAuthPolicy: NONE
      discoveryAddress: istiod.istio-control.svc:15012
      drainDuration: 45s
      parentShutdownDuration: 1m0s
      proxyAdminPort: 15000
      serviceCluster: istio-proxy
      tracing:
        zipkin:
          address: zipkin.istio-system:9411
    disableMixerHttpReports: true
    disablePolicyChecks: true
    enableAutoMtls: true
    enableEnvoyAccessLogService: false
    enableTracing: true
    ingressClass: istio
    ingressControllerMode: STRICT
    ingressService: istio-ingressgateway
    localityLbSetting:
      enabled: true
    outboundTrafficPolicy:
      mode: ALLOW_ANY
    protocolDetectionTimeout: 100ms
    reportBatchMaxEntries: 100
    reportBatchMaxTime: 1s
    rootNamespace: istio-control
    sdsUdsPath: unix:/etc/istio/proxy/SDS
    trustDomain: cluster.local
    trustDomainAliases: null
  meshNetworks: 'networks: {}'
  values.yaml: |-
    appNamespaces: []
    autoscaleEnabled: true
    autoscaleMax: 5
    autoscaleMin: 1
    configMap: true
    configNamespace: istio-config
    configSource:
      subscribedResources: []
    cpu:
      targetAverageUtilization: 80
    deploymentLabels: {}
    enableProtocolSniffingForInbound: true
    enableProtocolSniffingForOutbound: true
    enabled: true
    env: {}
    hub: ""
    image: pilot
    ingress:
      ingressClass: istio
      ingressControllerMode: STRICT
      ingressService: istio-ingressgateway
    jwksResolverExtraRootCA: ""
    keepaliveMaxServerConnectionAge: 30m
    meshNetworks:
      networks: {}
    namespace: istio-control
    nodeSelector: {}
    plugins: []
    podAnnotations: {}
    podAntiAffinityLabelSelector: []
    podAntiAffinityTermLabelSelector: []
    policy:
      enabled: false
    replicaCount: 1
    resources:
      requests:
        cpu: 500m
        memory: 2048Mi
    rollingMaxSurge: 100%
    rollingMaxUnavailable: 25%
    tag: ""
    tolerations: []
    traceSampling: 1
kind: ConfigMap
metadata:
  labels:
    release: istio
  name: istio
  namespace: istio-control

---


=======
>>>>>>> upstream/master
apiVersion: apps/v1
kind: Deployment
metadata:
  labels:
    app: istiod
    istio: pilot
    release: istio
  name: istiod
  namespace: istio-control
spec:
  selector:
    matchLabels:
      istio: pilot
  strategy:
    rollingUpdate:
      maxSurge: 100%
      maxUnavailable: 25%
  template:
    metadata:
      annotations:
        sidecar.istio.io/inject: "false"
      labels:
        app: istiod
        istio: pilot
    spec:
      affinity:
        nodeAffinity:
          preferredDuringSchedulingIgnoredDuringExecution:
          - preference:
              matchExpressions:
              - key: beta.kubernetes.io/arch
                operator: In
                values:
                - amd64
            weight: 2
          - preference:
              matchExpressions:
              - key: beta.kubernetes.io/arch
                operator: In
                values:
                - ppc64le
            weight: 2
          - preference:
              matchExpressions:
              - key: beta.kubernetes.io/arch
                operator: In
                values:
                - s390x
            weight: 2
          requiredDuringSchedulingIgnoredDuringExecution:
            nodeSelectorTerms:
            - matchExpressions:
              - key: beta.kubernetes.io/arch
                operator: In
                values:
                - amd64
                - ppc64le
                - s390x
      containers:
      - args:
        - discovery
        - --monitoringAddr=:15014
        - --log_output_level=default:info
        - --domain
        - cluster.local
        - --secureGrpcAddr=:15011
        - --trust-domain=cluster.local
        - --keepaliveMaxServerConnectionAge
        - 30m
        - --disable-install-crds=true
        env:
        - name: JWT_POLICY
          value: third-party-jwt
        - name: PILOT_CERT_PROVIDER
          value: istiod
        - name: POD_NAME
          valueFrom:
            fieldRef:
              apiVersion: v1
              fieldPath: new.path
        - name: GODEBUG
          value: gctrace=111
        - name: NEW_VAR
          value: new_value
        - name: POD_NAMESPACE
          valueFrom:
            fieldRef:
              apiVersion: v1
              fieldPath: metadata.namespace
        - name: SERVICE_ACCOUNT
          valueFrom:
            fieldRef:
              apiVersion: v1
              fieldPath: spec.serviceAccountName
        - name: PILOT_TRACE_SAMPLING
          value: "1"
        - name: CONFIG_NAMESPACE
          value: istio-config
        - name: PILOT_ENABLE_PROTOCOL_SNIFFING_FOR_OUTBOUND
          value: "true"
        - name: PILOT_ENABLE_PROTOCOL_SNIFFING_FOR_INBOUND
          value: "true"
        - name: INJECTION_WEBHOOK_CONFIG_NAME
          value: istio-sidecar-injector
        - name: ISTIOD_ADDR
          value: istiod.istio-control.svc:15012
        - name: PILOT_EXTERNAL_GALLEY
          value: "false"
        - name: CLUSTER_ID
          value: Kubernetes
        envFrom:
        - configMapRef:
            name: istiod
            optional: true
        image: docker.io/istio/pilot:1.1.4
        name: discovery
        ports:
        - containerPort: 8080
        - containerPort: 15010
        - containerPort: 15017
        readinessProbe:
          httpGet:
            path: /ready
            port: 8080
          initialDelaySeconds: 555
          periodSeconds: 5
          timeoutSeconds: 5
        resources:
          requests:
            cpu: 500m
            memory: 999Mi
        securityContext:
          capabilities:
            drop:
            - ALL
          runAsGroup: 1337
          runAsNonRoot: true
          runAsUser: 1337
        volumeMounts:
        - mountPath: /etc/istio/config
          name: config-volume
        - mountPath: /var/run/secrets/tokens
          name: istio-token
          readOnly: true
        - mountPath: /var/run/secrets/istio-dns
          name: local-certs
        - mountPath: /etc/cacerts
          name: cacerts
          readOnly: true
        - mountPath: /var/lib/istio/inject
          name: inject
          readOnly: true
        - mountPath: /var/lib/istio/local
          name: istiod
          readOnly: true
      nodeSelector:
        master: "true"
      securityContext:
        fsGroup: 1337
      serviceAccountName: istio-pilot-service-account
      volumes:
      - emptyDir:
          medium: Memory
        name: local-certs
      - name: istio-token
        projected:
          sources:
          - serviceAccountToken:
              audience: istio-ca
              expirationSeconds: 43200
              path: istio-token
      - configMap:
          name: istiod
          optional: true
        name: istiod
      - name: cacerts
        secret:
          optional: true
          secretName: cacerts
      - configMap:
          name: istio-sidecar-injector
          optional: true
        name: inject
      - configMap:
          name: istio
        name: config-volume
---


apiVersion: autoscaling/v2beta1
kind: HorizontalPodAutoscaler
metadata:
  labels:
    app: istiod
    release: istio
  name: istiod
  namespace: istio-control
spec:
  maxReplicas: 333
  metrics:
  - resource:
      name: cpu
      targetAverageUtilization: 444
    type: Resource
  minReplicas: 1
  scaleTargetRef:
    apiVersion: apps/v1
    kind: Deployment
    name: istio-pilot
---
