apiVersion: apps/v1
kind: Deployment
metadata:
  name: istiod-default
  namespace: istio-control
  labels:
    app: istiod
    version: default
    istio: pilot
    release: istio
spec:
  strategy:
    rollingUpdate:
      maxSurge: 100%
      maxUnavailable: 25%
  selector:
    matchLabels:
      app: istiod
      version: default
      istio: pilot
  template:
    metadata:
      labels:
        app: istiod
        version: default
        istio: pilot
      annotations:
        sidecar.istio.io/inject: "false"
    spec:
      serviceAccountName: istio-pilot-service-account
      securityContext:
        fsGroup: 1337
      containers:
        - name: discovery
          image: "docker.io/istio/pilot:1.1.4"
          args:
          - "discovery"
          - --monitoringAddr=:15014
          - --log_output_level=default:info
          - --domain
          - cluster.local
          - --trust-domain=cluster.local
          - --keepaliveMaxServerConnectionAge
          - "30m"
          ports:
          - containerPort: 8080
          - containerPort: 15010
          - containerPort: 15017
          readinessProbe:
            httpGet:
              path: /ready
              port: 8080
            initialDelaySeconds: 5
            periodSeconds: 5
            timeoutSeconds: 5
          envFrom:
          # Allow an istiod configmap injecting user-specified env.
          - configMapRef:
              name: istiod
              optional: true
          env:
          - name: REVISION
            value: "default"
          - name: JWT_POLICY
            value: third-party-jwt
          - name: PILOT_CERT_PROVIDER
            value: istiod
          - name: POD_NAME
            valueFrom:
              fieldRef:
                apiVersion: v1
                fieldPath: metadata.name
          - name: POD_NAMESPACE
            valueFrom:
              fieldRef:
                apiVersion: v1
                fieldPath: metadata.namespace
          - name: SERVICE_ACCOUNT
            valueFrom:
              fieldRef:
                apiVersion: v1
                fieldPath: spec.serviceAccountName
          - name: PILOT_TRACE_SAMPLING
            value: "1"
          - name: CONFIG_NAMESPACE
            value: istio-config
          - name: PILOT_ENABLE_PROTOCOL_SNIFFING_FOR_OUTBOUND
            value: "true"
          - name: PILOT_ENABLE_PROTOCOL_SNIFFING_FOR_INBOUND
            value: "false"
          - name: INJECTION_WEBHOOK_CONFIG_NAME
            value: istio-sidecar-injector-default,istio-sidecar-injector
          - name: ISTIOD_ADDR
            value: istiod-default.istio-control.svc:15012
          - name: PILOT_EXTERNAL_GALLEY
            value: "false"
          - name: CLUSTER_ID
            value: "Kubernetes"
          resources:
            requests:
              cpu: 222m
              memory: 333Mi
          securityContext:
            runAsUser: 1337
            runAsGroup: 1337
            runAsNonRoot: true
            capabilities:
              drop:
              - ALL
          volumeMounts:
          - name: config-volume
            mountPath: /etc/istio/config
          - name: istio-token
            mountPath: /var/run/secrets/tokens
            readOnly: true
          - name: local-certs
            mountPath: /var/run/secrets/istio-dns
          - name: cacerts
            mountPath: /etc/cacerts
            readOnly: true
          - name: inject
            mountPath: /var/lib/istio/inject
            readOnly: true
          - name: istiod
            mountPath: /var/lib/istio/local
            readOnly: true
      volumes:
      # Technically not needed on this pod - but it helps debugging/testing SDS
      # Should be removed after everything works.
      - emptyDir:
          medium: Memory
        name: local-certs
      - name: istio-token
        projected:
          sources:
            - serviceAccountToken:
                audience: istio-ca
                expirationSeconds: 43200
                path: istio-token
      - name: istiod
        configMap:
          name: istiod
          optional: true
      # Optional: user-generated root
      - name: cacerts
        secret:
          secretName: cacerts
          optional: true
      # Optional - image should have
      - name: inject
        configMap:
          name: istio-sidecar-injector-default
          optional: true
      - name: config-volume
        configMap:
          name: istio-default
      affinity:      
        nodeAffinity:
          requiredDuringSchedulingIgnoredDuringExecution:
            nodeSelectorTerms:
            - matchExpressions:
              - key: beta.kubernetes.io/arch
                operator: In
                values:
                - "amd64"
                - "ppc64le"
                - "s390x"
          preferredDuringSchedulingIgnoredDuringExecution:
          - weight: 2
            preference:
              matchExpressions:
              - key: beta.kubernetes.io/arch
                operator: In
                values:
                - "amd64"
          - weight: 2
            preference:
              matchExpressions:
              - key: beta.kubernetes.io/arch
                operator: In
                values:
                - "ppc64le"
          - weight: 2
            preference:
              matchExpressions:
              - key: beta.kubernetes.io/arch
                operator: In
                values:
                - "s390x"
---
