hosts:
  - "*.google.com"
http:
  - route:
    - destination:
        host: "*.google.com"
      weight: 50
    - destination:
        host: "*.google.com"
        subset: foobar
      weight: 25
    - destination:
        host: "hello"
      weight: 25
