hosts:
  - "*.google.com"
http:
  - route:
    - destination:
        host: "*.google.com"
    timeout: 30s
    retries:
      attempts: 1
      perTryTimeout: 5s
