hosts:
  - world
http:
  - route:
    - destination:
        host: world
    mirror:
      host: hello
      subset: v1
