hosts:
  - world
http:
  - route:
    - destination:
        host: world
    match:
      - uri:
          prefix: /old/path
      - uri:
          exact: /old
    rewrite:
      uri: /new/path
      authority: foo.bar.com
