{
  "virtual_hosts": [
   {
    "name": "*.google.com:80",
    "domains": [
     "*.google.com",
     "*.google.com:80"
    ],
    "routes": [
     {
      "prefix": "/",
      "weighted_clusters": {
       "clusters": [
        {
         "name": "out.*.google.com|external-HTTP-80",
         "weight": 50
        },
        {
         "name": "out.*.google.com|external-HTTP-80|foo=bar",
         "weight": 25
        },
        {
         "name": "out.hello.default.svc.cluster.local|external-HTTP-80",
         "weight": 25
        }
       ]
      },
      "timeout_ms": 0,
      "opaque_config": {
       "destination.service": "google.default.cluster.local",
       "mixer": "GnEKJQoTZGVzdGluYXRpb24uc2VydmljZRIOEgwqLmdvb2dsZS5jb20KHwoJc291cmNlLmlwEhIyEAAAAAAAAAAAAAD//woBAQAKJwoKc291cmNlLnVpZBIZEhdrdWJlcm5ldGVzOi8vdjAuZGVmYXVsdA==",
       "mixer_debug": "eyJtaXhlckF0dHJpYnV0ZXMiOnsiYXR0cmlidXRlcyI6eyJkZXN0aW5hdGlvbi5zZXJ2aWNlIjp7InN0cmluZ1ZhbHVlIjoiKi5nb29nbGUuY29tIn0sInNvdXJjZS5pcCI6eyJieXRlc1ZhbHVlIjoiQUFBQUFBQUFBQUFBQVAvL0NnRUJBQT09In0sInNvdXJjZS51aWQiOnsic3RyaW5nVmFsdWUiOiJrdWJlcm5ldGVzOi8vdjAuZGVmYXVsdCJ9fX19",
       "mixer_sha": "mSwca23SiZL67DV3+6xvvq/ygI0DRiVvUX6iEneUVdw="
      },
      "decorator": {
       "operation": "ext-route"
      }
     }
    ]
   },
   {
    "name": "hello.default.svc.cluster.local|http",
    "domains": [
     "hello:80",
     "hello",
     "hello.default:80",
     "hello.default",
     "hello.default.svc:80",
     "hello.default.svc",
     "hello.default.svc.cluster:80",
     "hello.default.svc.cluster",
     "hello.default.svc.cluster.local:80",
     "hello.default.svc.cluster.local",
     "10.1.0.0:80",
     "10.1.0.0"
    ],
    "routes": [
     {
      "prefix": "/",
      "cluster": "out.hello.default.svc.cluster.local|http",
      "timeout_ms": 0,
      "decorator": {
       "operation": "default-route"
      }
     }
    ]
   },
   {
    "name": "httpbin.default.svc.cluster.local|http",
    "domains": [
     "httpbin:80",
     "httpbin",
     "httpbin.default:80",
     "httpbin.default",
     "httpbin.default.svc:80",
     "httpbin.default.svc",
     "httpbin.default.svc.cluster:80",
     "httpbin.default.svc.cluster",
     "httpbin.default.svc.cluster.local:80",
     "httpbin.default.svc.cluster.local"
    ],
    "routes": [
     {
      "prefix": "/",
      "cluster": "out.httpbin.default.svc.cluster.local|http",
      "timeout_ms": 0,
      "decorator": {
       "operation": "default-route"
      }
     }
    ]
   },
   {
    "name": "world.default.svc.cluster.local|http",
    "domains": [
     "world:80",
     "world",
     "world.default:80",
     "world.default",
     "world.default.svc:80",
     "world.default.svc",
     "world.default.svc.cluster:80",
     "world.default.svc.cluster",
     "world.default.svc.cluster.local:80",
     "world.default.svc.cluster.local",
     "10.2.0.0:80",
     "10.2.0.0"
    ],
    "routes": [
     {
      "prefix": "/",
      "cluster": "out.world.default.svc.cluster.local|http",
      "timeout_ms": 0,
      "decorator": {
       "operation": "default-route"
      }
     }
    ]
   }
  ]
 }