hosts:
  - world
http:
  - route:
    - destination:
        host: world
    timeout: 30s
    retries:
      attempts: 1
      perTryTimeout: 5s
