hosts:
  - world
http:
  - route:
    - destination:
        host: world
        subset: v0
      weight: 75
    - destination:
        host: world
        subset: v1
      weight: 25
