{
  "hosts": [
   {
    "ip_address": "10.2.1.1",
    "port": 80,
    "tags": {
     "az": "zone/region"
    }
   }
  ]
 }