apiVersion: config.istio.io/v1alpha2
kind: V1alpha2RouteRule
metadata:
  creationTimestamp: null
  name: FIXME
  namespace: FIXME
  resourceVersion: FIXME
spec:
  hosts:
  - c
  http:
  - appendHeaders:
      istio-custom-header: user-defined-value
    route:
    - destination:
        name: c
        subset: version-v1
      weight: 100
